com/ea/springbasic/pages/JoinPage.class
com/ea/springbasic/pages/ProductPage.class
com/ea/springbasic/steps/DeliveryPageSteps.class
com/ea/springbasic/models/TestUserDetails.class
com/ea/springbasic/steps/ProductMiniCartPageSteps.class
com/ea/springbasic/pages/DeliveryPage.class
com/ea/springbasic/util/AdbSMSReader.class
com/ea/springbasic/pages/LoginPage.class
com/ea/springbasic/pages/PaymentPage.class
com/ea/springbasic/steps/OrderPageSteps.class
com/ea/springbasic/driver/WebDriverFactory.class
com/ea/springbasic/driver/DriverScope.class
com/ea/springbasic/pages/annotation/Page.class
com/ea/springbasic/util/ScreenShotUtil.class
com/ea/springbasic/driver/DriverScopePostProcessor.class
com/ea/springbasic/steps/PaymentPageSteps.class
com/ea/springbasic/pages/OrderPage.class
com/ea/springbasic/steps/ShippingPageSteps.class
com/ea/springbasic/pages/ShippingPage.class
com/ea/springbasic/pages/ShopNowPage.class
com/ea/springbasic/pages/ProductSideBarPage.class
com/ea/springbasic/steps/Hooks.class
com/ea/springbasic/steps/ProductPageSteps.class
com/ea/springbasic/steps/LoginPageSteps.class
com/ea/springbasic/pages/AccountPage.class
com/ea/springbasic/pages/VerifyPhoneNumberPopupPage.class
com/ea/springbasic/pages/BasePage.class
com/ea/springbasic/steps/ShopNowPageSteps.class
com/ea/springbasic/steps/HomePageSteps.class
com/ea/springbasic/models/UserDetails.class
com/ea/springbasic/driver/DriverScopeConfig.class
com/ea/springbasic/steps/CucumberTestContextConfig.class
com/ea/springbasic/steps/JoinPageSteps.class
com/ea/springbasic/pages/HomePage.class
com/ea/springbasic/driver/WebDriverWaitFactory.class
com/ea/springbasic/steps/BasePageSteps.class
com/ea/springbasic/pages/ComingSoonPage.class
com/ea/springbasic/driver/RemoteWebDriverFactory.class
com/ea/springbasic/steps/VerifyPhoneNumberPageSteps.class
com/ea/springbasic/util/SMSReader.class
com/ea/springbasic/steps/AccountPageSteps.class
com/ea/springbasic/runner/TestRunner.class
