/home/runner/work/springbootSeleniumAT/springbootSeleniumAT/src/test/java/com/ea/springbasic/steps/AccountPageSteps.java
/home/runner/work/springbootSeleniumAT/springbootSeleniumAT/src/test/java/com/ea/springbasic/steps/PaymentPageSteps.java
/home/runner/work/springbootSeleniumAT/springbootSeleniumAT/src/test/java/com/ea/springbasic/pages/PaymentPage.java
/home/runner/work/springbootSeleniumAT/springbootSeleniumAT/src/test/java/com/ea/springbasic/pages/LoginPage.java
/home/runner/work/springbootSeleniumAT/springbootSeleniumAT/src/test/java/com/ea/springbasic/util/SMSReader.java
/home/runner/work/springbootSeleniumAT/springbootSeleniumAT/src/test/java/com/ea/springbasic/steps/CucumberTestContextConfig.java
/home/runner/work/springbootSeleniumAT/springbootSeleniumAT/src/test/java/com/ea/springbasic/driver/DriverScopePostProcessor.java
/home/runner/work/springbootSeleniumAT/springbootSeleniumAT/src/test/java/com/ea/springbasic/pages/ComingSoonPage.java
/home/runner/work/springbootSeleniumAT/springbootSeleniumAT/src/test/java/com/ea/springbasic/pages/JoinPage.java
/home/runner/work/springbootSeleniumAT/springbootSeleniumAT/src/test/java/com/ea/springbasic/driver/DriverScopeConfig.java
/home/runner/work/springbootSeleniumAT/springbootSeleniumAT/src/test/java/com/ea/springbasic/models/TestUserDetails.java
/home/runner/work/springbootSeleniumAT/springbootSeleniumAT/src/test/java/com/ea/springbasic/pages/AccountPage.java
/home/runner/work/springbootSeleniumAT/springbootSeleniumAT/src/test/java/com/ea/springbasic/steps/Hooks.java
/home/runner/work/springbootSeleniumAT/springbootSeleniumAT/src/test/java/com/ea/springbasic/driver/WebDriverWaitFactory.java
/home/runner/work/springbootSeleniumAT/springbootSeleniumAT/src/test/java/com/ea/springbasic/pages/annotation/Page.java
/home/runner/work/springbootSeleniumAT/springbootSeleniumAT/src/test/java/com/ea/springbasic/steps/BasePageSteps.java
/home/runner/work/springbootSeleniumAT/springbootSeleniumAT/src/test/java/com/ea/springbasic/pages/DeliveryPage.java
/home/runner/work/springbootSeleniumAT/springbootSeleniumAT/src/test/java/com/ea/springbasic/runner/TestRunner.java
/home/runner/work/springbootSeleniumAT/springbootSeleniumAT/src/test/java/com/ea/springbasic/steps/ShopNowPageSteps.java
/home/runner/work/springbootSeleniumAT/springbootSeleniumAT/src/test/java/com/ea/springbasic/pages/VerifyPhoneNumberPopupPage.java
/home/runner/work/springbootSeleniumAT/springbootSeleniumAT/src/test/java/com/ea/springbasic/steps/JoinPageSteps.java
/home/runner/work/springbootSeleniumAT/springbootSeleniumAT/src/test/java/com/ea/springbasic/util/AdbSMSReader.java
/home/runner/work/springbootSeleniumAT/springbootSeleniumAT/src/test/java/com/ea/springbasic/pages/ShopNowPage.java
/home/runner/work/springbootSeleniumAT/springbootSeleniumAT/src/test/java/com/ea/springbasic/steps/ShippingPageSteps.java
/home/runner/work/springbootSeleniumAT/springbootSeleniumAT/src/test/java/com/ea/springbasic/models/UserDetails.java
/home/runner/work/springbootSeleniumAT/springbootSeleniumAT/src/test/java/com/ea/springbasic/steps/DeliveryPageSteps.java
/home/runner/work/springbootSeleniumAT/springbootSeleniumAT/src/test/java/com/ea/springbasic/driver/RemoteWebDriverFactory.java
/home/runner/work/springbootSeleniumAT/springbootSeleniumAT/src/test/java/com/ea/springbasic/driver/WebDriverFactory.java
/home/runner/work/springbootSeleniumAT/springbootSeleniumAT/src/test/java/com/ea/springbasic/pages/BasePage.java
/home/runner/work/springbootSeleniumAT/springbootSeleniumAT/src/test/java/com/ea/springbasic/driver/DriverScope.java
/home/runner/work/springbootSeleniumAT/springbootSeleniumAT/src/test/java/com/ea/springbasic/steps/ProductPageSteps.java
/home/runner/work/springbootSeleniumAT/springbootSeleniumAT/src/test/java/com/ea/springbasic/pages/HomePage.java
/home/runner/work/springbootSeleniumAT/springbootSeleniumAT/src/test/java/com/ea/springbasic/pages/ProductSideBarPage.java
/home/runner/work/springbootSeleniumAT/springbootSeleniumAT/src/test/java/com/ea/springbasic/util/ScreenShotUtil.java
/home/runner/work/springbootSeleniumAT/springbootSeleniumAT/src/test/java/com/ea/springbasic/steps/VerifyPhoneNumberPageSteps.java
/home/runner/work/springbootSeleniumAT/springbootSeleniumAT/src/test/java/com/ea/springbasic/pages/OrderPage.java
/home/runner/work/springbootSeleniumAT/springbootSeleniumAT/src/test/java/com/ea/springbasic/pages/ShippingPage.java
/home/runner/work/springbootSeleniumAT/springbootSeleniumAT/src/test/java/com/ea/springbasic/steps/OrderPageSteps.java
/home/runner/work/springbootSeleniumAT/springbootSeleniumAT/src/test/java/com/ea/springbasic/steps/ProductMiniCartPageSteps.java
/home/runner/work/springbootSeleniumAT/springbootSeleniumAT/src/test/java/com/ea/springbasic/steps/LoginPageSteps.java
/home/runner/work/springbootSeleniumAT/springbootSeleniumAT/src/test/java/com/ea/springbasic/pages/ProductPage.java
/home/runner/work/springbootSeleniumAT/springbootSeleniumAT/src/test/java/com/ea/springbasic/steps/HomePageSteps.java
