/home/runner/work/springbootSeleniumAT/springbootSeleniumAT/src/test/java/com/ea/springbasic/pages/LoginPage.java
/home/runner/work/springbootSeleniumAT/springbootSeleniumAT/src/test/java/com/ea/springbasic/pages/MainPage2.java
/home/runner/work/springbootSeleniumAT/springbootSeleniumAT/src/test/java/com/ea/springbasic/steps/HomeSteps.java
/home/runner/work/springbootSeleniumAT/springbootSeleniumAT/src/test/java/com/ea/springbasic/steps/CucumberTestContextConfig.java
/home/runner/work/springbootSeleniumAT/springbootSeleniumAT/src/test/java/com/ea/springbasic/pages/BasePage.java
/home/runner/work/springbootSeleniumAT/springbootSeleniumAT/src/test/java/com/ea/springbasic/test/SpringTestNGTest.java
/home/runner/work/springbootSeleniumAT/springbootSeleniumAT/src/test/java/com/ea/springbasic/pages/HomePage.java
/home/runner/work/springbootSeleniumAT/springbootSeleniumAT/src/test/java/com/ea/springbasic/pages/MainPage.java
/home/runner/work/springbootSeleniumAT/springbootSeleniumAT/src/test/java/com/ea/springbasic/libraries/DriverScopePostProcessor.java
/home/runner/work/springbootSeleniumAT/springbootSeleniumAT/src/test/java/com/ea/springbasic/models/TestUserDetails.java
/home/runner/work/springbootSeleniumAT/springbootSeleniumAT/src/test/java/com/ea/springbasic/steps/LoginSteps.java
/home/runner/work/springbootSeleniumAT/springbootSeleniumAT/src/test/java/com/ea/springbasic/libraries/RemoteWebDriverFactory.java
/home/runner/work/springbootSeleniumAT/springbootSeleniumAT/src/test/java/com/ea/springbasic/steps/Hooks.java
/home/runner/work/springbootSeleniumAT/springbootSeleniumAT/src/test/java/com/ea/springbasic/test/SpringTestNGTest2.java
/home/runner/work/springbootSeleniumAT/springbootSeleniumAT/src/test/java/com/ea/springbasic/runner/TestRunner.java
/home/runner/work/springbootSeleniumAT/springbootSeleniumAT/src/test/java/com/ea/springbasic/libraries/WebDriverFactory.java
/home/runner/work/springbootSeleniumAT/springbootSeleniumAT/src/test/java/com/ea/springbasic/libraries/DriverScopeConfig.java
/home/runner/work/springbootSeleniumAT/springbootSeleniumAT/src/test/java/com/ea/springbasic/libraries/DriverScope.java
/home/runner/work/springbootSeleniumAT/springbootSeleniumAT/src/test/java/com/ea/springbasic/models/UserDetails.java
